
> ian-ale-portfolio@1.0.0 build
> next build

▲ Next.js 16.3.4 (Turbopack)
✓ Running next.config.ts took 46ms

  Creating an optimized production build ...
✓ Compiled successfully in 1367ms
  Running TypeScript ...
  Finished TypeScript in 2.6s ...
  Collecting page data using 7 workers ...
  Generating static pages using 7 workers (0/21) ...
  Generating static pages using 7 workers (5/21) 
  Generating static pages using 7 workers (10/21) 
  Generating static pages using 7 workers (15/21) 
✓ Generating static pages using 7 workers (21/21) in 1022ms
  Finalizing page optimization ...

Route (app)
┌ ○ /
├ ○ /_not-found
├ ○ /contact
├ ○ /gallery
├ ○ /projects
└   /projects/[slug]
  ├ ● /projects/sobat-bumi
  ├ ● /projects/simkes
  ├ ● /projects/rentease
  └ ● [+12 more paths]


○  (Static)  prerendered as static content
●  (SSG)     prerendered as static HTML (uses generateStaticParams)

